[0m20:03:16.802355 [debug] [MainThread]: Sending event: {'category': 'dbt', 'action': 'invocation', 'label': 'start', 'context': [<snowplow_tracker.self_describing_json.SelfDescribingJson object at 0x000001AD332CC830>, <snowplow_tracker.self_describing_json.SelfDescribingJson object at 0x000001AD30C04B90>, <snowplow_tracker.self_describing_json.SelfDescribingJson object at 0x000001AD35A8BB10>]}


============================== 20:03:16.810237 | 15994d4b-8b62-4749-b148-943ec1a55540 ==============================
[0m20:03:16.810237 [info ] [MainThread]: Running with dbt=1.12.0
[0m20:03:16.811018 [debug] [MainThread]: running dbt with arguments {'version_check': 'True', 'no_print': 'None', 'maximum_seed_size_mib': '1', 'target_path': 'None', 'warn_error_options': 'WarnErrorOptionsV2(error=[], warn=[], silence=[])', 'static_parser': 'True', 'printer_width': '80', 'write_json': 'True', 'empty': 'None', 'log_cache_events': 'False', 'introspect': 'True', 'cache_selected_only': 'False', 'fail_fast': 'False', 'debug': 'False', 'log_format': 'default', 'profiles_dir': 'C:\\Users\\HP\\.dbt', 'send_anonymous_usage_stats': 'True', 'quiet': 'False', 'warn_error': 'None', 'partial_parse': 'True', 'indirect_selection': 'eager', 'hints_enabled': 'True', 'use_colors': 'True', 'use_experimental_parser': 'False', 'invocation_command': 'dbt init atmosync_dbt', 'log_path': 'logs'}
[0m20:03:16.867269 [info ] [MainThread]: Creating dbt configuration folder at C:\Users\HP\.dbt
[0m20:03:16.872363 [debug] [MainThread]: Starter project path: C:\Python314\Lib\site-packages\dbt\include\starter_project
[0m20:03:16.920167 [info ] [MainThread]: Setting up your profile.
[0m20:05:10.747422 [debug] [MainThread]: Snowflake adapter: Setting snowflake.connector to ERROR (file logging only)
[0m20:05:10.748489 [debug] [MainThread]: Snowflake adapter: Setting botocore to ERROR (file logging only)
[0m20:05:10.748852 [debug] [MainThread]: Snowflake adapter: Setting boto3 to ERROR (file logging only)
[0m20:12:38.759848 [info ] [MainThread]: Profile atmosync_dbt written to C:\Users\HP\.dbt\profiles.yml using target's profile_template.yml and your supplied values.
[0m20:12:38.775240 [info ] [MainThread]: Running dbt debug to validate the project...
[0m20:12:38.776392 [info ] [MainThread]: dbt version: 1.12.0
[0m20:12:38.777622 [info ] [MainThread]: python version: 3.14.4
[0m20:12:38.780891 [info ] [MainThread]: python path: C:\Python314\python.exe
[0m20:12:38.782635 [info ] [MainThread]: os info: Windows-11-10.0.26200-SP0
[0m20:12:38.884771 [info ] [MainThread]: Using profiles dir at C:\Users\HP\.dbt
[0m20:12:38.885720 [info ] [MainThread]: Using profiles.yml file at C:\Users\HP\.dbt\profiles.yml
[0m20:12:38.886444 [info ] [MainThread]: Using dbt_project.yml file at D:\Infotact solutions\Project\AtmoSync - analytics\atmosync_dbt\dbt_project.yml
[0m20:12:38.888046 [info ] [MainThread]: adapter type: snowflake
[0m20:12:38.888557 [info ] [MainThread]: adapter version: 1.12.0
[0m20:12:38.993060 [info ] [MainThread]: Configuration:
[0m20:12:38.993807 [info ] [MainThread]:   profiles.yml file [[32mOK found and valid[0m]
[0m20:12:38.994559 [info ] [MainThread]:   dbt_project.yml file [[32mOK found and valid[0m]
[0m20:12:38.995059 [info ] [MainThread]: Required dependencies:
[0m20:12:38.995591 [debug] [MainThread]: Executing "git --help"
[0m20:12:39.014814 [info ] [MainThread]:  - git [[31mERROR[0m]

[0m20:12:39.015463 [info ] [MainThread]: Connection:
[0m20:12:39.015949 [info ] [MainThread]:   account: ibaayxn-vj30510
[0m20:12:39.016556 [info ] [MainThread]:   user: NOMESH
[0m20:12:39.017245 [info ] [MainThread]:   database: ATMOSYNC_DB
[0m20:12:39.018055 [info ] [MainThread]:   warehouse: COMPUTE_WH
[0m20:12:39.018434 [info ] [MainThread]:   role: ACCOUNTADMIN
[0m20:12:39.018857 [info ] [MainThread]:   schema: ANALYTICS
[0m20:12:39.019374 [info ] [MainThread]:   authenticator: None
[0m20:12:39.019754 [info ] [MainThread]:   oauth_client_id: None
[0m20:12:39.020148 [info ] [MainThread]:   query_tag: None
[0m20:12:39.020634 [info ] [MainThread]:   client_session_keep_alive: False
[0m20:12:39.021263 [info ] [MainThread]:   host: None
[0m20:12:39.021886 [info ] [MainThread]:   port: None
[0m20:12:39.022320 [info ] [MainThread]:   proxy_host: None
[0m20:12:39.022841 [info ] [MainThread]:   proxy_port: None
[0m20:12:39.023183 [info ] [MainThread]:   protocol: None
[0m20:12:39.023485 [info ] [MainThread]:   connect_retries: 1
[0m20:12:39.023937 [info ] [MainThread]:   connect_timeout: None
[0m20:12:39.024296 [info ] [MainThread]:   retry_on_database_errors: False
[0m20:12:39.024652 [info ] [MainThread]:   retry_all: False
[0m20:12:39.025025 [info ] [MainThread]:   insecure_mode: False
[0m20:12:39.025355 [info ] [MainThread]:   reuse_connections: True
[0m20:12:39.025679 [info ] [MainThread]:   s3_stage_vpce_dns_name: None
[0m20:12:39.026049 [info ] [MainThread]:   workload_identity_provider: None
[0m20:12:39.026397 [info ] [MainThread]:   workload_identity_entra_resource: None
[0m20:12:39.026753 [info ] [MainThread]:   platform_detection_timeout_seconds: 0.0
[0m20:12:39.027673 [info ] [MainThread]: Registered adapter: snowflake=1.12.0
[0m20:12:39.697998 [debug] [MainThread]: Acquiring new snowflake connection 'debug'
[0m20:12:39.701622 [debug] [MainThread]: Using snowflake connection "debug"
[0m20:12:39.702182 [debug] [MainThread]: On debug: select 1 as id
[0m20:12:39.702540 [debug] [MainThread]: Opening a new connection, currently in state init
[0m20:12:47.253820 [debug] [MainThread]: Snowflake adapter: Error running SQL: select 1 as id
[0m20:12:47.254208 [debug] [MainThread]: Snowflake adapter: Rolling back transaction.
[0m20:12:47.254532 [info ] [MainThread]:   Connection test: [[31mERROR[0m]

[0m20:12:47.254979 [info ] [MainThread]: [31m2 checks failed:[0m
[0m20:12:47.255461 [info ] [MainThread]: Error from git --help: Could not find command, ensure it is in the user's PATH and that the user has permissions to run it: "git"

[0m20:12:47.256002 [info ] [MainThread]: dbt was unable to connect to the specified database.
The database returned the following error:

  >Database Error
  390100 (28000): Failed to connect to DB: ibaayxn-vj30510.snowflakecomputing.com:443. Incorrect username or password was specified. [06e085a0-ab8e-40a4-9d79-96651c93ae31]

Check your database credentials and try again. For more information, visit:
https://docs.getdbt.com/docs/configure-your-profile


[0m20:12:47.256637 [info ] [MainThread]: Your new dbt project "atmosync_dbt" was created!
Initialized new project in D:\Infotact solutions\Project\AtmoSync - analytics\atmosync_dbt\atmosync_dbt

For more information on how to configure the profiles.yml file,
please consult the dbt documentation here:

  https://docs.getdbt.com/docs/configure-your-profile

One more thing:

Need help? Don't hesitate to reach out to us via GitHub issues or on Slack:

  https://community.getdbt.com/

Happy modeling!

[0m20:12:47.257181 [info ] [MainThread]: [31mYour profile may need adjustments. You can find the logs of `dbt debug` above[0m
[0m20:12:47.258782 [debug] [MainThread]: Command `dbt init` succeeded at 20:12:47.258538 after 571.08 seconds
[0m20:12:47.259141 [debug] [MainThread]: Connection 'debug' was left open.
[0m20:12:47.259427 [debug] [MainThread]: On debug: No close available on handle
[0m20:12:47.259728 [debug] [MainThread]: Sending event: {'category': 'dbt', 'action': 'invocation', 'label': 'end', 'context': [<snowplow_tracker.self_describing_json.SelfDescribingJson object at 0x000001AD358EF490>, <snowplow_tracker.self_describing_json.SelfDescribingJson object at 0x000001AD47C75010>, <snowplow_tracker.self_describing_json.SelfDescribingJson object at 0x000001AD47B2E690>]}
[0m20:12:47.260145 [debug] [MainThread]: Flushing usage events
[0m20:12:48.897732 [debug] [MainThread]: An error was encountered while trying to flush usage events
[0m21:19:50.741592 [debug] [MainThread]: Sending event: {'category': 'dbt', 'action': 'invocation', 'label': 'start', 'context': [<snowplow_tracker.self_describing_json.SelfDescribingJson object at 0x0000019CCDE78830>, <snowplow_tracker.self_describing_json.SelfDescribingJson object at 0x0000019CCB7C4CD0>, <snowplow_tracker.self_describing_json.SelfDescribingJson object at 0x0000019CD06CF890>]}


============================== 21:19:50.767808 | f3f1087f-8597-4ff7-8ad4-4d7c7c001420 ==============================
[0m21:19:50.767808 [info ] [MainThread]: Running with dbt=1.12.0
[0m21:19:50.768822 [debug] [MainThread]: running dbt with arguments {'version_check': 'True', 'no_print': 'None', 'static_parser': 'True', 'warn_error_options': 'WarnErrorOptionsV2(error=[], warn=[], silence=[])', 'target_path': 'None', 'maximum_seed_size_mib': '1', 'printer_width': '80', 'write_json': 'True', 'empty': 'False', 'log_cache_events': 'False', 'introspect': 'True', 'cache_selected_only': 'False', 'log_format': 'default', 'debug': 'False', 'fail_fast': 'False', 'profiles_dir': 'C:\\Users\\HP\\.dbt', 'send_anonymous_usage_stats': 'True', 'quiet': 'False', 'warn_error': 'None', 'partial_parse': 'True', 'indirect_selection': 'eager', 'hints_enabled': 'True', 'invocation_command': 'dbt run', 'use_experimental_parser': 'False', 'use_colors': 'True', 'log_path': 'logs'}
[0m21:19:50.769485 [error] [MainThread]: [[31mERROR[0m]: Encountered an error:
Runtime Error
  No dbt_project.yml found at expected path D:\Infotact solutions\Project\AtmoSync - analytics\dbt_project.yml
  Verify that each entry within packages.yml (and their transitive dependencies) contains a file named dbt_project.yml
  
[0m21:19:50.770434 [debug] [MainThread]: Command `dbt run` failed at 21:19:50.770264 after 0.66 seconds
[0m21:19:50.770828 [debug] [MainThread]: Sending event: {'category': 'dbt', 'action': 'invocation', 'label': 'end', 'context': [<snowplow_tracker.self_describing_json.SelfDescribingJson object at 0x0000019CD065D0F0>, <snowplow_tracker.self_describing_json.SelfDescribingJson object at 0x0000019CD074C5F0>, <snowplow_tracker.self_describing_json.SelfDescribingJson object at 0x0000019CD0704E20>]}
[0m21:19:50.771344 [debug] [MainThread]: Flushing usage events
[0m21:19:53.527378 [debug] [MainThread]: An error was encountered while trying to flush usage events
[0m21:48:16.412940 [debug] [MainThread]: Sending event: {'category': 'dbt', 'action': 'invocation', 'label': 'start', 'context': [<snowplow_tracker.self_describing_json.SelfDescribingJson object at 0x00000272E4F2C830>, <snowplow_tracker.self_describing_json.SelfDescribingJson object at 0x00000272E2830CD0>, <snowplow_tracker.self_describing_json.SelfDescribingJson object at 0x00000272E777B890>]}


============================== 21:48:16.748767 | b3e9fdcf-e61e-4e50-b3ec-e7f9c1a670ac ==============================
[0m21:48:16.748767 [info ] [MainThread]: Running with dbt=1.12.0
[0m21:48:16.750583 [debug] [MainThread]: running dbt with arguments {'maximum_seed_size_mib': '1', 'no_print': 'None', 'version_check': 'True', 'warn_error_options': 'WarnErrorOptionsV2(error=[], warn=[], silence=[])', 'static_parser': 'True', 'target_path': 'None', 'printer_width': '80', 'write_json': 'True', 'empty': 'None', 'log_cache_events': 'False', 'introspect': 'True', 'cache_selected_only': 'False', 'log_format': 'default', 'debug': 'False', 'fail_fast': 'False', 'partial_parse': 'True', 'send_anonymous_usage_stats': 'True', 'quiet': 'False', 'warn_error': 'None', 'profiles_dir': 'C:\\Users\\HP\\.dbt', 'use_colors': 'True', 'hints_enabled': 'True', 'indirect_selection': 'eager', 'use_experimental_parser': 'False', 'invocation_command': 'dbt test', 'log_path': 'logs'}
[0m21:48:16.751492 [error] [MainThread]: [[31mERROR[0m]: Encountered an error:
Runtime Error
  No dbt_project.yml found at expected path D:\Infotact solutions\Project\AtmoSync - analytics\dbt_project.yml
  Verify that each entry within packages.yml (and their transitive dependencies) contains a file named dbt_project.yml
  
[0m21:48:16.752819 [debug] [MainThread]: Command `dbt test` failed at 21:48:16.752622 after 0.52 seconds
[0m21:48:16.753389 [debug] [MainThread]: Sending event: {'category': 'dbt', 'action': 'invocation', 'label': 'end', 'context': [<snowplow_tracker.self_describing_json.SelfDescribingJson object at 0x00000272E770D0F0>, <snowplow_tracker.self_describing_json.SelfDescribingJson object at 0x00000272E77F85F0>, <snowplow_tracker.self_describing_json.SelfDescribingJson object at 0x00000272E77B0E20>]}
[0m21:48:16.760238 [debug] [MainThread]: Flushing usage events
[0m21:48:22.850035 [debug] [MainThread]: An error was encountered while trying to flush usage events
